---
source: tests/render.rs
expression: terminal.backend()
---
"┌ Sources ─────────────────────────┐┌  octo-org  ──────────────────────┐┌ octo-org-image #184 ─────────────────────────┐"
"│▶  octo-org                      ││  #    Title                      ││feat: implement search functionality          │"
"│                                  ││▶ octo-org-image #184 @user-37   ││Loading…                                      │"
"│                                  ││  octo-org #2610  @user-30     1d││                                              │"
"│                                  ││   Type: Enhancement            ││                                              │"
"│                                  ││  octo-org-textarea #27 @user-38  ││                                              │"
"│                                  ││  repo-foxtrot #232 @user-39     ││                                              │"
"│                                  ││  repo-lima #104  @user-40     1d││                                              │"
"│                                  ││  octo-org-website #1152 @user-36 ││                                              │"
"│                                  ││   enhancement                  ││                                              │"
"│                                  ││  octo-org-website #1147 @user-41 ││                                              │"
"│                                  ││  repo-lima #101  @user-42    6mo││                                              │"
"│                                  ││  repo-lima #99 … @user-42     2y││                                              │"
"│                                  ││  octo-org #2556  @user-31     3d││                                              │"
"│                                  ││   Type: Bug                    ││                                              │"
"│                                  ││  octo-org-website #1144 @user-43 ││                                              │"
"│                                  ││  octo-org #2547  @user-10     2w││                                              │"
"│                                  ││  octo-org-website #1142 @user-44 ││                                              │"
"│                                  ││  repo-oscar #179 @user-45     1d││                                              │"
"│                                  ││  octo-org #2526  @user-32    6mo││                                              │"
"│                                  ││  repo-hotel #200 @user-46     3d││                                              │"
"│                                  ││   enhancement                  ││                                              │"
"│                                  ││  octo-org-image #164 @user-47   ││                                              │"
"│                                  ││  octo-org-image #158 @user-48   ││                                              │"
"│                                  ││  octo-org #2521  @user-33     2y││                                              │"
"│                                  ││   Type: Enhancement            ││                                              │"
"│                                  ││  octo-org #2502  @user-06    45m││                                              │"
"│                                  ││  octo-org #2500  @user-16     3h││                                              │"
"│                                  ││   Type: Enhancement            ││                                              │"
"│                                  ││  repo-oscar #175 @user-49     2y││                                              │"
"│                                  ││   bug                          ││                                              │"
"│                                  ││  repo-oscar #171 @user-36    45m││                                              │"
"│                                  ││   enhancement                  ││                                              │"
"│                                  ││  repo-oscar #170 @user-49     3h││                                              │"
"│                                  ││  octo-org #2458  @user-34     1d││                                              │"
"│                                  ││   Type: Enhancement            ││                                              │"
"│                                  ││  repo-oscar #168 @user-50     1d││                                              │"
"│                                  ││  octo-org-textarea #9 @user-51  ││                                              │"
"└──────────────────────────────────┘└ r·repos  p·prs  i·issues (30) ───┘└──────────────────────────────────────────────┘"
" o open  y copy URL  C clone  / filter  ? help                                                                          "
