---
source: tests/render.rs
expression: terminal.backend()
---
"┌──┐┌──┐┌ owner/repo  newest ──────────────────────────────────────────┐┌ repo #1 ─────────────────────────────────────┐"
"│ ││ ││                                    ±                    ││test pr                                       │"
"│@ ││r ││▶ #1 by @alice                 0  · ·                 2y    2y││@alice  branch → main                         │"
"│o ││e ││      test pr                                                ││┌ Description ───────────────────────────────┐│"
"│w ││p ││  #2 by @alice                 0  · ·                 2y    2y│││Loading…                                    ││"
"│n ││o ││      test pr                                                │││                                            ││"
"│e ││  ││                                                              │││                                            ││"
"│r ││  ││                                                              │││                                            ││"
"│  ││  ││                                                              │││                                            ││"
"│  ││  ││                                                              │││                                            ││"
"│  ││  ││                                                              │││                                            ││"
"│  ││  ││                                                              │││                                            ││"
"│  ││  ││                                                              │││                                            ││"
"│  ││  ││                                                              │││                                            ││"
"│  ││  ││                                                              │││                                            ││"
"│  ││  ││                                                              │││                                            ││"
"│  ││  ││                                                              │││                                            ││"
"│  ││  ││                                                              │││                                            ││"
"│  ││  ││                                                              │││                                            ││"
"│  ││  ││                                                              │││                                            ││"
"│  ││  ││                                                              │││                                            ││"
"│  ││  ││                                                              │││                                            ││"
"│  ││  ││                                                              │││                                            ││"
"│  ││  ││                                                              ││└────────────────────────────────────────────┘│"
"│  ││  ││                                                              ││┌ Checks ────────────────────────────────────┐│"
"│  ││  ││                                                              │││Loading…                                    ││"
"│  ││  ││                                                              │││                                            ││"
"│  ││  ││                                                              │││                                            ││"
"│  ││  ││                                                              │││                                            ││"
"│  ││  ││                                                              │││                                            ││"
"│  ││  ││                                                              │││                                            ││"
"│  ││  ││                                                              │││                                            ││"
"│  ││  ││                                                              │││                                            ││"
"│  ││  ││                                                              │││                                            ││"
"│  ││  ││                                                              │││                                            ││"
"│  ││  ││                                                              │││                                            ││"
"│  ││  ││                                                              │││                                            ││"
"│  ││  ││                                                              ││└────────────────────────────────────────────┘│"
"└──┘└──┘└ f·page  p·prs (2)  i·issues ─────────────────────────────────┘└──────────────────────────────────────────────┘"
" v approve  m merge  C checkout  c comment  d diff  o open  y copy URL  / filter  S sort  ? help                        "
