---
source: tests/render.rs
expression: terminal.backend()
---
"┌──┐┌──┐┌ repo ────────────────────────────────────────────────────────────────────────────────────────────────────────┐"
"│ ││ ││README.md                                                                                                     │"
"│@ ││r ││                                                                                                              │"
"│o ││e ││# hello                                                                                                       │"
"│w ││p ││                                                                                                              │"
"│n ││o ││                                                                                                              │"
"│e ││  ││                                                                                                              │"
"│r ││  ││                                                                                                              │"
"│  ││  ││                                                                                                              │"
"│  ││  ││                                                                                                              │"
"│  ││  ││                                                                                                              │"
"│  ││  ││                                                                                                              │"
"│  ││  ││                                                                                                              │"
"│  ││  ││                                                                                                              │"
"│  ││  ││                                                                                                              │"
"│  ││  ││                                                                                                              │"
"│  ││  ││                                                                                                              │"
"│  ││  ││                                                                                                              │"
"│  ││  ││                                                                                                              │"
"│  ││  ││                                                                                                              │"
"│  ││  ││                                                                                                              │"
"│  ││  ││                                                                                                              │"
"│  ││  ││                                                                                                              │"
"│  ││  ││                                                                                                              │"
"│  ││  ││                                                                                                              │"
"│  ││  ││                                                                                                              │"
"│  ││  ││                                                                                                              │"
"│  ││  ││                                                                                                              │"
"│  ││  ││                                                                                                              │"
"│  ││  ││                                                                                                              │"
"│  ││  ││                                                                                                              │"
"│  ││  ││                                                                                                              │"
"│  ││  ││                                                                                                              │"
"│  ││  ││                                                                                                              │"
"│  ││  ││                                                                                                              │"
"│  ││  ││                                                                                                              │"
"│  ││  ││                                                                                                              │"
"│  ││  ││                                                                                                              │"
"└──┘└──┘└ f·page  p·prs  i·issues ─────────────────────────────────────────────────────────────────────────────────────┘"
" o open  y copy URL  ? help                                                                                             "
