---
source: tests/render.rs
expression: terminal.backend()
---
"┌ Sources ─────────────────────────┐┌  @octocat  ──────────────────────┐┌ repo-zulu-2 #3460 ───────────────────────────┐"
"│▶  @octocat                      ││           ±                  ││chore: remove unused dependencies             │"
"│                                  ││▶     0  · ·                45m   ││@octocat                                      │"
"│                                  ││      chore: remove unused depen…││┌ Description ───────────────────────────────┐│"
"│                                  ││      0  · ·                 1d   │││Loading…                                    ││"
"│                                  ││      feat: implement search fun…│││                                            ││"
"│                                  ││      1  · ·                 2w   │││                                            ││"
"│                                  ││      bugfix: handle null pointe…│││                                            ││"
"│                                  ││      0  · ·                6mo   │││                                            ││"
"│                                  ││      refactor: extract service …│││                                            ││"
"│                                  ││      0  · ·                 2y   │││                                            ││"
"│                                  ││      docs: add contributing gui…│││                                            ││"
"│                                  ││      2  · ·                 3h   │││                                            ││"
"│                                  ││      test: fix flaky unit tests │││                                            ││"
"│                                  ││      0  · ·                 1d   │││                                            ││"
"│                                  ││      feat: add logging middlewa…│││                                            ││"
"│                                  ││      0  · ·                 2w   │││                                            ││"
"│                                  ││      fix: correct timezone hand…│││                                            ││"
"│                                  ││      2  · ·                 2y   │││                                            ││"
"│                                  ││      chore: update CI configura…│││                                            ││"
"│                                  ││      4  · ·                 3h   │││                                            ││"
"│                                  ││      refactor: clean up legacy …│││                                            ││"
"│                                  ││                                  │││                                            ││"
"│                                  ││                                  ││└────────────────────────────────────────────┘│"
"│                                  ││                                  ││┌ Checks ────────────────────────────────────┐│"
"│                                  ││                                  │││Loading…                                    ││"
"│                                  ││                                  │││                                            ││"
"│                                  ││                                  │││                                            ││"
"│                                  ││                                  │││                                            ││"
"│                                  ││                                  │││                                            ││"
"│                                  ││                                  │││                                            ││"
"│                                  ││                                  │││                                            ││"
"│                                  ││                                  │││                                            ││"
"│                                  ││                                  │││                                            ││"
"│                                  ││                                  │││                                            ││"
"│                                  ││                                  │││                                            ││"
"│                                  ││                                  │││                                            ││"
"│                                  ││                                  ││└────────────────────────────────────────────┘│"
"└──────────────────────────────────┘└ r·repos  p·prs (10)  i·issues ───┘└──────────────────────────────────────────────┘"
" o open  y copy URL  C clone  / filter  ? help                                                                          "
