---
source: tests/render.rs
expression: terminal.backend()
---
"┌ octo-org/repo-charlie  newest ────────────────────────────────────▲┌ repo-charlie #2628 ─────────────────────────────┐"
"│                   ┌ Help ────────────────────────────────────────────────────────────────────────▲                   │"
"│▶ #2628 by @user-01│        Navigation                                                           █-missing-config → …│"
"│      Fix panic wh│j/↓   move down                                                               █──────────────────┐│"
"│  #2625 by @user-02│k/↑   move up                                                                 █                  ││"
"│      Add keyboard│h/←   focus left                                                              █                  ││"
"│  #2621 by @user-03│l/→   focus right                                                             █                  ││"
"│      chore(deps):│g     jump to top                                                             █                  ││"
"│  #2609 by @user-04│G     jump to bottom                                                          █                  ││"
"│      feat: add da│R     refresh                                                                 █                  ││"
"│  #2607 by @user-05│?     help                                                                    █                  ││"
"│      refactor: si│q     quit                                                                    █                  ││"
"│  #2606 by @user-06│                                                                              █                  ││"
"│      docs: update│        Issues                                                               █                  ││"
"│  #2579 by @user-07│o     open                                                                    █                  ││"
"│      fix: resolve│y     copy URL                                                                █                  ││"
"│  #2569 by @user-08│/     filter                                                                  █                  ││"
"│      test: add in│S     sort                                                                    █                  ││"
"│  #2563 by @user-09│                                                                              █                  ││"
"│      style: forma│        PRs                                                                  █                  ││"
"│  #2548 by @user-10│v     approve                                                                 █                  ││"
"│      perf: optimi│m     auto-merge                                                              ║                  ││"
"│  #2527 by @user-11│C     checkout                                                                ║                  ││"
"│      chore: remov│c     comment                                                                 ║──────────────────┘│"
"│  #2525 by @user-12│d     diff                                                                    ║──────────────────┐│"
"│      feat: implem│o     open                                                                    ║                  ││"
"│  #2517 by @user-13│y     copy URL                                                                ║                  ││"
"│      bugfix: hand│/     filter                                                                  ║                  ││"
"│  #2511 by @user-14│S     sort                                                                    ║                  ││"
"│      refactor: ex│x     close                                                                   ║                  ││"
"│  #2490 by @dependa│X     reopen                                                                  ║                  ││"
"│      docs: add co│W     mark ready                                                              ║                  ││"
"│  #2452 by @user-15│b     dependabot                                                              ║                  ││"
"│      test: fix fl│                                                                              ║                  ││"
"│  #2447 by @user-16│        Checks                                                               ║                  ││"
"│      feat: add lo│o     open check                                                              ║                  ││"
"│  #2436 by @user-17│O     open PR                                                                 ║                  ││"
"│      fix: correct│j/k scroll  (34/36)                                                           ║──────────────────┘│"
"└ f·page  p·prs (30)└──────────────────────────────────────────────────────────────────────────────▼───────────────────┘"
" v approve  m merge  C checkout  c comment  d diff  o open  y copy URL  / filter  S sort  ? help                        "
