---
source: tests/render.rs
expression: terminal.backend()
---
"┌──┐┌──┐┌ owner/repo  newest ──────────────────────────────────────────┐┌ repo #1 ─────────────────────────────────────┐"
"│ ││ ││           ┌ Help ────────────────────────────────────────────────────────────────────────▲                   │"
"│@ ││r ││▶ #1 by @al│        Navigation                                                           █                   │"
"│o ││e ││      test│j/↓   move down                                                               █──────────────────┐│"
"│w ││p ││  #2 by @al│k/↑   move up                                                                 █                  ││"
"│n ││o ││      test│h/←   focus left                                                              █                  ││"
"│e ││  ││           │l/→   focus right                                                             █                  ││"
"│r ││  ││           │g     jump to top                                                             █                  ││"
"│  ││  ││           │G     jump to bottom                                                          █                  ││"
"│  ││  ││           │R     refresh                                                                 █                  ││"
"│  ││  ││           │?     help                                                                    █                  ││"
"│  ││  ││           │q     quit                                                                    █                  ││"
"│  ││  ││           │                                                                              █                  ││"
"│  ││  ││           │        Sources                                                              █                  ││"
"│  ││  ││           │o     open                                                                    █                  ││"
"│  ││  ││           │y     copy URL                                                                █                  ││"
"│  ││  ││           │/     filter                                                                  █                  ││"
"│  ││  ││           │                                                                              █                  ││"
"│  ││  ││           │        Browse                                                               ║                  ││"
"│  ││  ││           │r     repos                                                                   ║                  ││"
"│  ││  ││           │p     prs                                                                     ║                  ││"
"│  ││  ││           │i     issues                                                                  ║                  ││"
"│  ││  ││           │o     open                                                                    ║                  ││"
"│  ││  ││           │y     copy URL                                                                ║──────────────────┘│"
"│  ││  ││           │/     filter                                                                  ║──────────────────┐│"
"│  ││  ││           │S     sort                                                                    ║                  ││"
"│  ││  ││           │                                                                              ║                  ││"
"│  ││  ││           │        Issues                                                               ║                  ││"
"│  ││  ││           │o     open                                                                    ║                  ││"
"│  ││  ││           │y     copy URL                                                                ║                  ││"
"│  ││  ││           │/     filter                                                                  ║                  ││"
"│  ││  ││           │S     sort                                                                    ║                  ││"
"│  ││  ││           │                                                                              ║                  ││"
"│  ││  ││           │        PRs                                                                  ║                  ││"
"│  ││  ││           │v     approve                                                                 ║                  ││"
"│  ││  ││           │m     auto-merge                                                              ║                  ││"
"│  ││  ││           │C     checkout                                                                ║                  ││"
"│  ││  ││           │j/k scroll  (34/50)                                                           ║──────────────────┘│"
"└──┘└──┘└ f·page  p·└──────────────────────────────────────────────────────────────────────────────▼───────────────────┘"
" v approve  m merge  C checkout  c comment  d diff  o open  y copy URL  / filter  S sort  ? help                        "
