---
source: tests/render.rs
expression: terminal.backend()
---
"┌──┐┌──┐┌ owner/repo ──────────────────────────────────────────────────┐┌ Issue #1 ────────────────────────────────────┐"
"│ ││ ││  #    Title                                                  ││test issue                                    │"
"│@ ││r ││▶ #1 test issue                                @alice      2y││Loading…                                      │"
"│o ││e ││  #2 test issue                                @alice      2y││                                              │"
"│w ││p ││                                                              ││                                              │"
"│n ││o ││                                                              ││                                              │"
"│e ││  ││                                                              ││                                              │"
"│r ││  ││                                                              ││                                              │"
"│  ││  ││                                                              ││                                              │"
"│  ││  ││                                                              ││                                              │"
"│  ││  ││                                                              ││                                              │"
"│  ││  ││                                                              ││                                              │"
"│  ││  ││                                                              ││                                              │"
"│  ││  ││                                                              ││                                              │"
"│  ││  ││                                                              ││                                              │"
"│  ││  ││                                                              ││                                              │"
"│  ││  ││                                                              ││                                              │"
"│  ││  ││                                                              ││                                              │"
"│  ││  ││                                                              ││                                              │"
"│  ││  ││                                                              ││                                              │"
"│  ││  ││                                                              ││                                              │"
"│  ││  ││                                                              ││                                              │"
"│  ││  ││                                                              ││                                              │"
"│  ││  ││                                                              ││                                              │"
"│  ││  ││                                                              ││                                              │"
"│  ││  ││                                                              ││                                              │"
"│  ││  ││                                                              ││                                              │"
"│  ││  ││                                                              ││                                              │"
"│  ││  ││                                                              ││                                              │"
"│  ││  ││                                                              ││                                              │"
"│  ││  ││                                                              ││                                              │"
"│  ││  ││                                                              ││                                              │"
"│  ││  ││                                                              ││                                              │"
"│  ││  ││                                                              ││                                              │"
"│  ││  ││                                                              ││                                              │"
"│  ││  ││                                                              ││                                              │"
"│  ││  ││                                                              ││                                              │"
"│  ││  ││                                                              ││                                              │"
"└──┘└──┘└ f·page  p·prs  i·issues (2) ─────────────────────────────────┘└──────────────────────────────────────────────┘"
" o open  y copy URL  / filter  S sort  ? help                                                                           "
