---
source: tests/render.rs
expression: terminal.backend()
---
"┌──┐┌  @owner  ──────────────────────────────────────────────────────┐┌ PR #1 ─────────────────────────────────────────┐"
"│ ││                                      ±                    ││test pr                                         │"
"│@ ││▶  #1 by @alice                  0  · ·                 2y    2y││@alice  branch → main                           │"
"│o ││      test pr                                                  ││┌ Description ─────────────────────────────────┐│"
"│w ││                                                                │││Loading…                                      ││"
"│n ││                                                                │││                                              ││"
"│e ││                                                                │││                                              ││"
"│r ││                                                                │││                                              ││"
"│  ││                                                                │││                                              ││"
"│  ││                                                                │││                                              ││"
"│  ││                                                                │││                                              ││"
"│  ││                                                                │││                                              ││"
"│  ││                                                                │││                                              ││"
"│  ││                                                                │││                                              ││"
"│  ││                                                                │││                                              ││"
"│  ││                                                                │││                                              ││"
"│  ││                                                                │││                                              ││"
"│  ││                                                                │││                                              ││"
"│  ││                                                                │││                                              ││"
"│  ││                                                                │││                                              ││"
"│  ││                                                                │││                                              ││"
"│  ││                                                                │││                                              ││"
"│  ││                                                                │││                                              ││"
"│  ││                                                                ││└──────────────────────────────────────────────┘│"
"│  ││                                                                ││┌ Checks ──────────────────────────────────────┐│"
"│  ││                                                                │││Loading…                                      ││"
"│  ││                                                                │││                                              ││"
"│  ││                                                                │││                                              ││"
"│  ││                                                                │││                                              ││"
"│  ││                                                                │││                                              ││"
"│  ││                                                                │││                                              ││"
"│  ││                                                                │││                                              ││"
"│  ││                                                                │││                                              ││"
"│  ││                                                                │││                                              ││"
"│  ││                                                                │││                                              ││"
"│  ││                                                                │││                                              ││"
"│  ││                                                                │││                                              ││"
"│  ││                                                                ││└──────────────────────────────────────────────┘│"
"└──┘└ r·repos  p·prs (1)  i·issues ──────────────────────────────────┘└────────────────────────────────────────────────┘"
" v approve  m merge  C checkout  c comment  d diff  o open  y copy URL  / filter  S sort  ? help                        "
