---
source: tests/render.rs
expression: terminal.backend()
---
"┌──┐┌  @owner  ──────────────────────────────────────────────────────┐┌ Issue #1 ──────────────────────────────────────┐"
"│ ││  #    Title                                                    ││test issue                                      │"
"│@ ││▶  #1 test issue                                 @alice      2y││Loading…                                        │"
"│o ││                                                                ││                                                │"
"│w ││                                                                ││                                                │"
"│n ││                                                                ││                                                │"
"│e ││                                                                ││                                                │"
"│r ││                                                                ││                                                │"
"│  ││                                                                ││                                                │"
"│  ││                                                                ││                                                │"
"│  ││                                                                ││                                                │"
"│  ││                                                                ││                                                │"
"│  ││                                                                ││                                                │"
"│  ││                                                                ││                                                │"
"│  ││                                                                ││                                                │"
"│  ││                                                                ││                                                │"
"│  ││                                                                ││                                                │"
"│  ││                                                                ││                                                │"
"│  ││                                                                ││                                                │"
"│  ││                                                                ││                                                │"
"│  ││                                                                ││                                                │"
"│  ││                                                                ││                                                │"
"│  ││                                                                ││                                                │"
"│  ││                                                                ││                                                │"
"│  ││                                                                ││                                                │"
"│  ││                                                                ││                                                │"
"│  ││                                                                ││                                                │"
"│  ││                                                                ││                                                │"
"│  ││                                                                ││                                                │"
"│  ││                                                                ││                                                │"
"│  ││                                                                ││                                                │"
"│  ││                                                                ││                                                │"
"│  ││                                                                ││                                                │"
"│  ││                                                                ││                                                │"
"│  ││                                                                ││                                                │"
"│  ││                                                                ││                                                │"
"│  ││                                                                ││                                                │"
"│  ││                                                                ││                                                │"
"└──┘└ r·repos  p·prs  i·issues (1) ──────────────────────────────────┘└────────────────────────────────────────────────┘"
" v approve  m merge  C checkout  c comment  d diff  o open  y copy URL  / filter  S sort  ? help                        "
