---
source: tests/render.rs
expression: terminal.backend()
---
"┌──┐┌──┐┌ owner/repo  newest ────────┐┌ repo #1 ───────────┐"
"│ ││ ││           ±             ││test pr             │"
"│@ ││r ││▶ #1     0  · ·             ││@alice  branch → ma…│"
"│o ││e ││      test pr              ││┌ Description ─────┐│"
"│w ││p ││  #2     0  · ·             │││Loading…          ││"
"│n ││o ││      test pr              │││                  ││"
"│e ││  ││                            │││                  ││"
"│r ││  ││                            │││                  ││"
"│  ││  ││                            │││                  ││"
"│  ││  ││                            │││                  ││"
"│  ││  ││                            │││                  ││"
"│  ││  ││                            ││└──────────────────┘│"
"│  ││  ││                            ││┌ Checks ──────────┐│"
"│  ││  ││                            │││Loading…          ││"
"│  ││  ││                            │││                  ││"
"│  ││  ││                            │││                  ││"
"│  ││  ││                            │││                  ││"
"│  ││  ││                            ││└──────────────────┘│"
"└──┘└──┘└ f·page  p·prs (2)  i·issues┘└────────────────────┘"
" v approve  m merge  C checkout  c comment  d diff  ? help  "
