---
source: tests/render.rs
expression: terminal.backend()
---
"┌ Sources ─────────────────────────┐┌  @owner  ────────────────────────┐┌ PR #1 ───────────────────────────────────────┐"
"│▶  @owner                        ││           ±                  ││test pr                                       │"
"│                                  ││▶     0  · ·                 2y   ││@alice  branch → main                         │"
"│                                  ││      test pr                    ││┌ Description ───────────────────────────────┐│"
"│                                  ││                                  │││Loading…                                    ││"
"│                                  ││                                  │││                                            ││"
"│                                  ││                                  │││                                            ││"
"│                                  ││                                  │││                                            ││"
"│                                  ││                                  │││                                            ││"
"│                                  ││                                  │││                                            ││"
"│                                  ││                                  │││                                            ││"
"│                                  ││                                  │││                                            ││"
"│                                  ││                                  │││                                            ││"
"│                                  ││                                  │││                                            ││"
"│                                  ││                                  │││                                            ││"
"│                                  ││                                  │││                                            ││"
"│                                  ││                                  │││                                            ││"
"│                                  ││                                  │││                                            ││"
"│                                  ││                                  │││                                            ││"
"│                                  ││                                  │││                                            ││"
"│                                  ││                                  │││                                            ││"
"│                                  ││                                  │││                                            ││"
"│                                  ││                                  │││                                            ││"
"│                                  ││                                  ││└────────────────────────────────────────────┘│"
"│                                  ││                                  ││┌ Checks ────────────────────────────────────┐│"
"│                                  ││                                  │││Loading…                                    ││"
"│                                  ││                                  │││                                            ││"
"│                                  ││                                  │││                                            ││"
"│                                  ││                                  │││                                            ││"
"│                                  ││                                  │││                                            ││"
"│                                  ││                                  │││                                            ││"
"│                                  ││                                  │││                                            ││"
"│                                  ││                                  │││                                            ││"
"│                                  ││                                  │││                                            ││"
"│                                  ││                                  │││                                            ││"
"│                                  ││                                  │││                                            ││"
"│                                  ││                                  │││                                            ││"
"│                                  ││                                  ││└────────────────────────────────────────────┘│"
"└──────────────────────────────────┘└ r·repos  p·prs (1)  i·issues ────┘└──────────────────────────────────────────────┘"
" o open  y copy URL  / filter  ? help                                                                                   "
