---
source: tests/render.rs
assertion_line: 10
expression: terminal.backend()
---
"┌──┐┌──┐┌ octo-org/repo-charlie  newe▲┌ repo-charlie #2628 ┐"
"│ ││ ││           ±             █│Fix panic when list │"
"│o ││r ││▶ #2628     0  · ·          █│is empty            │"
"│c ││e ││      Fix panic when list …█│@user-01  fix/handl…│"
"│t ││p ││  #2625     0  · ·          █│ Overview  Activity │"
"│o ││o ││      Add keyboard navigat…║│┌ Overview ────────┐│"
"│- ││- ││  #2621     0  · ·          ║││Loading…          ││"
"│o ││c ││      chore(deps): bump se…║││                  ││"
"│r ││h ││  #2609     0  · ·          ║││                  ││"
"│g ││a ││      feat: add dark mode …║││                  ││"
"│  ││r ││  #2607     0  · ·          ║││                  ││"
"│  ││l ││      refactor: simplify a…║││                  ││"
"│  ││i ││  #2606     0  · ·          ║││                  ││"
"│  ││e ││      docs: update README …║││                  ││"
"│  ││  ││  #2579     0  · ·          ║││                  ││"
"│  ││  ││      fix: resolve memory …║││                  ││"
"│  ││  ││  #2569     0  · ·          ║││                  ││"
"│  ││  ││      test: add integratio…║│└──────────────────┘│"
"└──┘└──┘└ f·page  p·prs (30)  i·issue▼└────────────────────┘"
" v approve  m merge  C checkout  c comment  d diff  ? help  "
